n/objeto_9.jpg
n/objeto_7.jpg
n/objeto_8.jpg
n/objeto_50.jpg
n/objeto_6.jpg
n/objeto_49.jpg
n/objeto_5.jpg
n/objeto_47.jpg
n/objeto_48.jpg
n/objeto_45.jpg
n/objeto_46.jpg
n/objeto_44.jpg
n/objeto_43.jpg
n/objeto_41.jpg
n/objeto_42.jpg
n/objeto_4.jpg
n/objeto_40.jpg
n/objeto_38.jpg
n/objeto_39.jpg
n/objeto_36.jpg
n/objeto_37.jpg
n/objeto_35.jpg
n/objeto_33.jpg
n/objeto_34.jpg
n/objeto_31.jpg
n/objeto_32.jpg
n/objeto_3.jpg
n/objeto_30.jpg
n/objeto_28.jpg
n/objeto_29.jpg
n/objeto_27.jpg
n/objeto_25.jpg
n/objeto_26.jpg
n/objeto_23.jpg
n/objeto_24.jpg
n/objeto_21.jpg
n/objeto_22.jpg
n/objeto_2.jpg
n/objeto_20.jpg
n/objeto_18.jpg
n/objeto_19.jpg
n/objeto_16.jpg
n/objeto_17.jpg
n/objeto_14.jpg
n/objeto_15.jpg
n/objeto_12.jpg
n/objeto_13.jpg
n/objeto_11.jpg
n/objeto_1.jpg
n/objeto_10.jpg
n/objeto_0.jpg
n/augmented_image_99.jpg
n/augmented_image_97.jpg
n/augmented_image_98.jpg
n/augmented_image_96.jpg
n/augmented_image_95.jpg
n/augmented_image_94.jpg
n/augmented_image_93.jpg
n/augmented_image_91.jpg
n/augmented_image_92.jpg
n/augmented_image_89.jpg
n/augmented_image_90.jpg
n/augmented_image_87.jpg
n/augmented_image_88.jpg
n/augmented_image_85.jpg
n/augmented_image_86.jpg
n/augmented_image_84.jpg
n/augmented_image_82.jpg
n/augmented_image_83.jpg
n/augmented_image_81.jpg
n/augmented_image_80.jpg
n/augmented_image_79.jpg
n/augmented_image_78.jpg
n/augmented_image_77.jpg
n/augmented_image_76.jpg
n/augmented_image_73.jpg
n/augmented_image_74.jpg
n/augmented_image_72.jpg
n/augmented_image_70.jpg
n/augmented_image_71.jpg
n/augmented_image_7.jpg
n/augmented_image_68.jpg
n/augmented_image_69.jpg
n/augmented_image_67.jpg
n/augmented_image_65.jpg
n/augmented_image_66.jpg
n/augmented_image_64.jpg
n/augmented_image_63.jpg
n/augmented_image_62.jpg
n/augmented_image_61.jpg
n/augmented_image_60.jpg
n/augmented_image_58.jpg
n/augmented_image_59.jpg
n/augmented_image_57.jpg
n/augmented_image_56.jpg
n/augmented_image_55.jpg
n/augmented_image_54.jpg
n/augmented_image_53.jpg
n/augmented_image_51.jpg
n/augmented_image_52.jpg
n/augmented_image_50.jpg
n/augmented_image_5.jpg
n/augmented_image_45.jpg
n/augmented_image_48.jpg
n/augmented_image_44.jpg
n/augmented_image_43.jpg
n/augmented_image_41.jpg
n/augmented_image_42.jpg
n/augmented_image_40.jpg
n/augmented_image_4.jpg
n/augmented_image_39.jpg
n/augmented_image_38.jpg
n/augmented_image_37.jpg
n/augmented_image_35.jpg
n/augmented_image_36.jpg
n/augmented_image_33.jpg
n/augmented_image_32.jpg
n/augmented_image_319.jpg
n/augmented_image_318.jpg
n/augmented_image_317.jpg
n/augmented_image_315.jpg
n/augmented_image_314.jpg
n/augmented_image_311.jpg
n/augmented_image_310.jpg
n/augmented_image_31.jpg
n/augmented_image_309.jpg
n/augmented_image_307.jpg
n/augmented_image_308.jpg
n/augmented_image_306.jpg
n/augmented_image_303.jpg
n/augmented_image_304.jpg
n/augmented_image_30.jpg
n/augmented_image_301.jpg
n/augmented_image_3.jpg
n/augmented_image_298.jpg
n/augmented_image_299.jpg
n/augmented_image_297.jpg
n/augmented_image_294.jpg
n/augmented_image_296.jpg
n/augmented_image_292.jpg
n/augmented_image_293.jpg
n/augmented_image_291.jpg
n/augmented_image_285.jpg
n/augmented_image_290.jpg
n/augmented_image_284.jpg
n/augmented_image_283.jpg
n/augmented_image_282.jpg
n/augmented_image_281.jpg
n/augmented_image_280.jpg
n/augmented_image_276.jpg
n/augmented_image_277.jpg
n/augmented_image_273.jpg
n/augmented_image_270.jpg
n/augmented_image_272.jpg
n/augmented_image_27.jpg
n/augmented_image_267.jpg
n/augmented_image_269.jpg
n/augmented_image_265.jpg
n/augmented_image_262.jpg
n/augmented_image_263.jpg
n/augmented_image_258.jpg
n/augmented_image_260.jpg
n/augmented_image_257.jpg
n/augmented_image_253.jpg
n/augmented_image_256.jpg
n/augmented_image_252.jpg
n/augmented_image_251.jpg
n/augmented_image_250.jpg
n/augmented_image_25.jpg
n/augmented_image_246.jpg
n/augmented_image_249.jpg
n/augmented_image_245.jpg
n/augmented_image_244.jpg
n/augmented_image_241.jpg
n/augmented_image_243.jpg
n/augmented_image_240.jpg
n/augmented_image_238.jpg
n/augmented_image_239.jpg
n/augmented_image_236.jpg
n/augmented_image_237.jpg
n/augmented_image_235.jpg
n/augmented_image_233.jpg
n/augmented_image_234.jpg
n/augmented_image_232.jpg
n/augmented_image_231.jpg
n/augmented_image_23.jpg
n/augmented_image_230.jpg
n/augmented_image_229.jpg
n/augmented_image_227.jpg
n/augmented_image_226.jpg
n/augmented_image_224.jpg
n/augmented_image_223.jpg
n/augmented_image_222.jpg
n/augmented_image_221.jpg
n/augmented_image_22.jpg
n/augmented_image_220.jpg
n/augmented_image_219.jpg
n/augmented_image_215.jpg
n/augmented_image_216.jpg
n/augmented_image_214.jpg
n/augmented_image_211.jpg
n/augmented_image_21.jpg
n/augmented_image_210.jpg
n/augmented_image_208.jpg
n/augmented_image_209.jpg
n/augmented_image_205.jpg
n/augmented_image_206.jpg
n/augmented_image_204.jpg
n/augmented_image_201.jpg
n/augmented_image_203.jpg
n/augmented_image_20.jpg
n/augmented_image_200.jpg
n/augmented_image_2.jpg
n/augmented_image_199.jpg
n/augmented_image_198.jpg
n/augmented_image_197.jpg
n/augmented_image_193.jpg
n/augmented_image_194.jpg
n/augmented_image_191.jpg
n/augmented_image_192.jpg
n/augmented_image_19.jpg
n/augmented_image_189.jpg
n/augmented_image_188.jpg
n/augmented_image_186.jpg
n/augmented_image_187.jpg
n/augmented_image_185.jpg
n/augmented_image_183.jpg
n/augmented_image_184.jpg
n/augmented_image_181.jpg
n/augmented_image_182.jpg
n/augmented_image_180.jpg
n/augmented_image_18.jpg
n/augmented_image_179.jpg
n/augmented_image_178.jpg
n/augmented_image_177.jpg
n/augmented_image_176.jpg
n/augmented_image_175.jpg
n/augmented_image_174.jpg
n/augmented_image_173.jpg
n/augmented_image_172.jpg
n/augmented_image_170.jpg
n/augmented_image_171.jpg
n/augmented_image_17.jpg
n/augmented_image_168.jpg
n/augmented_image_169.jpg
n/augmented_image_166.jpg
n/augmented_image_165.jpg
n/augmented_image_164.jpg
n/augmented_image_162.jpg
n/augmented_image_163.jpg
n/augmented_image_161.jpg
n/augmented_image_160.jpg
n/augmented_image_158.jpg
n/augmented_image_16.jpg
n/augmented_image_156.jpg
n/augmented_image_157.jpg
n/augmented_image_155.jpg
n/augmented_image_154.jpg
n/augmented_image_152.jpg
n/augmented_image_153.jpg
n/augmented_image_150.jpg
n/augmented_image_151.jpg
n/augmented_image_148.jpg
n/augmented_image_149.jpg
n/augmented_image_147.jpg
n/augmented_image_144.jpg
n/augmented_image_145.jpg
n/augmented_image_143.jpg
n/augmented_image_141.jpg
n/augmented_image_142.jpg
n/augmented_image_140.jpg
n/augmented_image_14.jpg
n/augmented_image_138.jpg
n/augmented_image_139.jpg
n/augmented_image_136.jpg
n/augmented_image_137.jpg
n/augmented_image_135.jpg
n/augmented_image_134.jpg
n/augmented_image_133.jpg
n/augmented_image_131.jpg
n/augmented_image_132.jpg
n/augmented_image_130.jpg
n/augmented_image_129.jpg
n/augmented_image_13.jpg
n/augmented_image_128.jpg
n/augmented_image_127.jpg
n/augmented_image_126.jpg
n/augmented_image_125.jpg
n/augmented_image_124.jpg
n/augmented_image_123.jpg
n/augmented_image_122.jpg
n/augmented_image_121.jpg
n/augmented_image_120.jpg
n/augmented_image_119.jpg
n/augmented_image_12.jpg
n/augmented_image_117.jpg
n/augmented_image_118.jpg
n/augmented_image_116.jpg
n/augmented_image_115.jpg
n/augmented_image_113.jpg
n/augmented_image_114.jpg
n/augmented_image_112.jpg
n/augmented_image_109.jpg
n/augmented_image_111.jpg
n/augmented_image_106.jpg
n/augmented_image_107.jpg
n/augmented_image_103.jpg
n/augmented_image_105.jpg
n/augmented_image_101.jpg
n/augmented_image_100.jpg
n/augmented_image_1.jpg
n/99.jpg
n/98.jpg
n/97.jpg
n/95.jpg
n/96.jpg
n/94.jpg
n/93.jpg
n/92.jpg
n/90.jpg
n/91.jpg
n/9.jpg
n/89.jpg
n/88.jpg
n/86.jpg
n/87.jpg
n/84.jpg
n/83.jpg
n/81.jpg
n/80.jpg
n/79.jpg
n/77.jpg
n/76.jpg
n/74.jpg
n/73.jpg
n/70.jpg
n/7.jpg
n/69.jpg
n/67.jpg
n/66.jpg
n/65.jpg
n/64.jpg
n/63.jpg
n/62.jpg
n/61.jpg
n/6.jpg
n/59.jpg
n/58.jpg
n/57.jpg
n/55.jpg
n/56.jpg
n/54.jpg
n/53.jpg
n/52.jpg
n/51.jpg
n/50.jpg
n/49.jpg
n/480.jpg
n/48.jpg
n/478.jpg
n/477.jpg
n/476.jpg
n/475.jpg
n/47.jpg
n/469.jpg
n/468.jpg
n/467.jpg
n/466.jpg
n/465.jpg
n/464.jpg
n/463.jpg
n/462.jpg
n/461.jpg
n/460.jpg
n/46.jpg
n/459.jpg
n/458.jpg
n/457.jpg
n/456.jpg
n/455.jpg
n/454.jpg
n/453.jpg
n/452.jpg
n/451.jpg
n/450.jpg
n/45.jpg
n/449.jpg
n/448.jpg
n/447.jpg
n/446.jpg
n/445.jpg
n/443.jpg
n/444.jpg
n/442.jpg
n/441.jpg
n/440.jpg
n/44.jpg
n/439.jpg
n/438.jpg
n/437.jpg
n/436.jpg
n/435.jpg
n/434.jpg
n/432.jpg
n/431.jpg
n/430.jpg
n/43.jpg
n/428.jpg
n/427.jpg
n/426.jpg
n/425.jpg
n/424.jpg
n/423.jpg
n/422.jpg
n/421.jpg
n/42.jpg
n/420.jpg
n/419.jpg
n/417.jpg
n/416.jpg
n/415.jpg
n/414.jpg
n/413.jpg
n/412.jpg
n/411.jpg
n/410.jpg
n/409.jpg
n/408.jpg
n/407.jpg
n/405.jpg
n/406.jpg
n/404.jpg
n/403.jpg
n/402.jpg
n/401.jpg
n/400.jpg
n/40.jpg
n/399.jpg
n/4.jpg
n/398.jpg
n/397.jpg
n/394.jpg
n/395.jpg
n/393.jpg
n/392.jpg
n/391.jpg
n/390.jpg
n/39.jpg
n/389.jpg
n/388.jpg
n/386.jpg
n/387.jpg
n/385.jpg
n/384.jpg
n/383.jpg
n/378.jpg
n/379.jpg
n/376.jpg
n/375.jpg
n/373.jpg
n/374.jpg
n/372.jpg
n/370.jpg
n/368.jpg
n/37.jpg
n/367.jpg
n/365.jpg
n/364.jpg
n/362.jpg
n/363.jpg
n/361.jpg
n/360.jpg
n/36.jpg
n/359.jpg
n/356.jpg
n/355.jpg
n/353.jpg
n/354.jpg
n/352.jpg
n/351.jpg
n/349.jpg
n/350.jpg
n/348.jpg
n/347.jpg
n/345.jpg
n/341.jpg
n/344.jpg
n/340.jpg
n/34.jpg
n/339.jpg
n/338.jpg
n/337.jpg
n/336.jpg
n/335.jpg
n/334.jpg
n/332.jpg
n/331.jpg
n/330.jpg
n/33.jpg
n/329.jpg
n/328.jpg
n/327.jpg
n/326.jpg
n/325.jpg
n/324.jpg
n/322.jpg
n/323.jpg
n/321.jpg
n/32.jpg
n/319.jpg
n/318.jpg
n/317.jpg
n/316.jpg
n/315.jpg
n/312.jpg
n/311.jpg
n/310.jpg
n/31.jpg
n/309.jpg
n/308.jpg
n/307.jpg
n/306.jpg
n/303.jpg
n/302.jpg
n/301.jpg
n/300.jpg
n/30.jpg
n/3.jpg
n/299.jpg
n/297.jpg
n/298.jpg
n/295.jpg
n/294.jpg
n/293.jpg
n/292.jpg
n/291.jpg
n/290.jpg
n/29.jpg
n/288.jpg
n/289.jpg
n/287.jpg
n/286.jpg
n/285.jpg
n/284.jpg
n/283.jpg
n/282.jpg
n/281.jpg
n/280.jpg
n/28.jpg
n/278.jpg
n/276.jpg
n/275.jpg
n/271.jpg
n/270.jpg
n/27.jpg
n/269.jpg
n/267.jpg
n/266.jpg
n/265.jpg
n/264.jpg
n/263.jpg
n/262.jpg
n/260.jpg
n/261.jpg
n/26.jpg
n/259.jpg
n/258.jpg
n/255.jpg
n/256.jpg
n/253.jpg
n/254.jpg
n/251.jpg
n/252.jpg
n/250.jpg
n/249.jpg
n/248.jpg
n/247.jpg
n/246.jpg
n/244.jpg
n/243.jpg
n/241.jpg
n/242.jpg
n/24.jpg
n/240.jpg
n/239.jpg
n/237.jpg
n/234.jpg
n/232.jpg
n/233.jpg
n/231.jpg
n/230.jpg
n/229.jpg
n/23.jpg
n/228.jpg
n/227.jpg
n/226.jpg
n/225.jpg
n/224.jpg
n/223.jpg
n/222.jpg
n/220.jpg
n/221.jpg
n/22.jpg
n/218.jpg
n/217.jpg
n/216.jpg
n/215.jpg
n/214.jpg
n/213.jpg
n/212.jpg
n/210.jpg
n/211.jpg
n/208.jpg
n/207.jpg
n/206.jpg
n/204.jpg
n/201.jpg
n/203.jpg
n/20.jpg
n/2.jpg
n/1_0_zhouxiuna_0025.jpg
n/1_0_zhouxiuna_0019.jpg
n/1_0_zhouxiuna_0024.jpg
n/1_0_zhouxiuna_0016.jpg
n/1_0_zhouxiuna_0018.jpg
n/1_0_zhouxiuna_0010.jpg
n/1_0_zhouxiuna_0015.jpg
n/1_0_zhourunfa_0129.jpg
n/1_0_zhouxiuna_0009.jpg
n/1_0_zhourunfa_0127.jpg
n/1_0_zhourunfa_0128.jpg
n/1_0_zhangzhenyue_0033.jpg
n/1_0_zhangzhenyue_0034.jpg
n/1_0_yangmi_0145.jpg
n/1_0_zhangzhenyue_0031.jpg
n/1_0_yangmi_0140.jpg
n/1_0_yangmi_0144.jpg
n/1_0_yangmi_0081.jpg
n/1_0_yangmi_0137.jpg
n/1_0_yangmi_0079.jpg
n/1_0_yangmi_0078.jpg
n/1_0_xinzi_0069.jpg
n/1_0_xinzi_0070.jpg
n/1_0_xinzi_0061.jpg
n/1_0_xinzi_0001.jpg
n/1_0_xinzi_0060.jpg
n/1_0_wanghan_0169.jpg
n/1_0_wanghan_0171.jpg
n/1_0_wanghan_0037.jpg
n/1_0_wanghan_0035.jpg
n/1_0_wanghan_0030.jpg
n/1_0_wanghan_0032.jpg
n/1_0_wanghan_0022.jpg
n/1_0_tianliang_0014.jpg
n/1_0_tianliang_0011.jpg
n/1_0_tianliang_0013.jpg
n/1_0_tianliang_0008.jpg
n/1_0_tianliang_0006.jpg
n/1_0_tianliang_0007.jpg
n/1_0_sunyue_0011.jpg
n/1_0_sunyue_0010.jpg
n/1_0_sunyue_0008.jpg
n/1_0_sunyue_0009.jpg
n/1_0_sunli_0015.jpg
n/1_0_sunli_0010.jpg
n/1_0_sunhonglei_0024.jpg
n/1_0_sunhonglei_0019.jpg
n/1_0_sunhonglei_0023.jpg
n/1_0_shaofeng_0005.jpg
n/1_0_sunhonglei_0018.jpg
n/1_0_qiwei_0054.jpg
n/1_0_shaofeng_0003.jpg
n/1_0_qiwei_0053.jpg
n/1_0_qiwei_0049.jpg
n/1_0_qiwei_0052.jpg
n/1_0_qiwei_0047.jpg
n/1_0_qiwei_0048.jpg
n/1_0_qiqi_0083.jpg
n/1_0_qiqi_0084.jpg
n/1_0_qiqi_0081.jpg
n/1_0_qiqi_0082.jpg
n/1_0_qiqi_0079.jpg
n/1_0_qiqi_0077.jpg
n/1_0_qiqi_0078.jpg
n/1_0_qiqi_0030.jpg
n/1_0_qiqi_0076.jpg
n/1_0_qiqi_0026.jpg
n/1_0_qiqi_0029.jpg
n/1_0_qiqi_0023.jpg
n/1_0_qiqi_0021.jpg
n/1_0_qiqi_0022.jpg
n/1_0_qiqi_0005.jpg
n/1_0_qiqi_0004.jpg
n/1_0_pubajia_0023.jpg
n/1_0_pubajia_0021.jpg
n/1_0_pubajia_0022.jpg
n/1_0_pubajia_0017.jpg
n/1_0_pubajia_0018.jpg
n/1_0_pubajia_0016.jpg
n/1_0_pubajia_0010.jpg
n/1_0_pubajia_0011.jpg
n/1_0_nieyuan_0105.jpg
n/1_0_pubajia_0008.jpg
n/1_0_nieyuan_0103.jpg
n/1_0_nieyuan_0104.jpg
n/1_0_nieyuan_0099.jpg
n/1_0_nieyuan_0097.jpg
n/1_0_nieyuan_0098.jpg
n/1_0_nieyuan_0093.jpg
n/1_0_nieyuan_0094.jpg
n/1_0_nieyuan_0092.jpg
n/1_0_nieyuan_0088.jpg
n/1_0_nieyuan_0089.jpg
n/1_0_nieyuan_0082.jpg
n/1_0_nieyuan_0087.jpg
n/1_0_nieyuan_0081.jpg
n/1_0_nieyuan_0077.jpg
n/1_0_nieyuan_0080.jpg
n/1_0_nieyuan_0076.jpg
n/1_0_nieyuan_0075.jpg
n/1_0_nieyuan_0067.jpg
n/1_0_nieyuan_0069.jpg
n/1_0_nieyuan_0066.jpg
n/1_0_nieyuan_0062.jpg
n/1_0_nieyuan_0063.jpg
n/1_0_nieyuan_0060.jpg
n/1_0_nieyuan_0061.jpg
n/1_0_nieyuan_0052.jpg
n/1_0_nieyuan_0058.jpg
n/1_0_lvyi_0036.jpg
n/1_0_lvyi_0038.jpg
n/1_0_lvyi_0030.jpg
n/1_0_lvyi_0031.jpg
n/1_0_luojin_0118.jpg
n/1_0_luojin_0127.jpg
n/1_0_luojin_0111.jpg
n/1_0_luojin_0099.jpg
n/1_0_luojin_0105.jpg
n/1_0_luojin_0087.jpg
n/1_0_luojin_0093.jpg
n/1_0_luojin_0077.jpg
n/1_0_luojin_0082.jpg
n/1_0_luojin_0067.jpg
n/1_0_luojin_0072.jpg
n/1_0_luojin_0056.jpg
n/1_0_luojin_0062.jpg
n/1_0_luojin_0051.jpg
n/1_0_luojin_0038.jpg
n/1_0_luojin_0044.jpg
n/1_0_luojin_0033.jpg
n/1_0_luojin_0019.jpg
n/1_0_luojin_0027.jpg
n/1_0_luojin_0007.jpg
n/1_0_luojin_0012.jpg
n/1_0_lixirui_0083.jpg
n/1_0_luojin_0001.jpg
n/1_0_lixirui_0066.jpg
n/1_0_lixirui_0082.jpg
n/1_0_lixirui_0058.jpg
n/1_0_lixirui_0065.jpg
n/1_0_lixirui_0057.jpg
n/1_0_lixirui_0051.jpg
n/1_0_lixirui_0052.jpg
n/1_0_lixingliang_0150.jpg
n/1_0_lixingliang_0156.jpg
n/1_0_lixingliang_0010.jpg
n/1_0_lixingliang_0018.jpg
n/1_0_liwen_0016.jpg
n/1_0_lixingliang_0008.jpg
n/1_0_liwen_0006.jpg
n/1_0_liwen_0011.jpg
n/1_0_liwen_0001.jpg
n/1_0_liushishi_0157.jpg
n/1_0_liushishi_0158.jpg
n/1_0_liushishi_0097.jpg
n/1_0_liushishi_0156.jpg
n/1_0_liushishi_0095.jpg
n/1_0_liushishi_0096.jpg
n/1_0_liushishi_0091.jpg
n/1_0_liushishi_0090.jpg
n/1_0_liushishi_0006.jpg
n/1_0_liushishi_0089.jpg
n/1_0_liuruilin_0018.jpg
n/1_0_liuruilin_0019.jpg
n/1_0_liuruilin_0024.jpg
n/1_0_liushishi_0004.jpg
n/1_0_liuruilin_0017.jpg
n/1_0_liuruilin_0012.jpg
n/1_0_liuruilin_0013.jpg
n/1_0_liuqianhan_0091.jpg
n/1_0_liuqianhan_0093.jpg
n/1_0_liuqianhan_0085.jpg
n/1_0_liuqianhan_0087.jpg
n/1_0_liuqianhan_0049.jpg
n/1_0_liuqianhan_0050.jpg
n/1_0_liudehua_0022.jpg
n/1_0_liuqianhan_0048.jpg
n/1_0_liudehua_0009.jpg
n/1_0_liudehua_0015.jpg
n/1_0_likeqin_0015.jpg
n/1_0_liudehua_0002.jpg
n/1_0_likeqin_0005.jpg
n/1_0_lijinming_0078.jpg
n/1_0_lijinming_0094.jpg
n/1_0_lijinming_0095.jpg
n/1_0_lijinming_0076.jpg
n/1_0_jinchen_0070.jpg
n/1_0_jinchen_0072.jpg
n/1_0_jinchen_0065.jpg
n/1_0_jinchen_0011.jpg
n/1_0_jinchen_0064.jpg
n/1_0_jinchen_0009.jpg
n/1_0_jinchen_0003.jpg
n/1_0_jinchen_0004.jpg
n/1_0_jiayuanyuan_0199.jpg
n/1_0_jiayuanyuan_0200.jpg
n/1_0_jiayuanyuan_0196.jpg
n/1_0_jiayuanyuan_0197.jpg
n/1_0_jiayuanyuan_0193.jpg
n/1_0_jiayuanyuan_0195.jpg
n/1_0_jiayuanyuan_0156.jpg
n/1_0_jiayuanyuan_0161.jpg
n/1_0_jiayuanyuan_0150.jpg
n/1_0_jiayuanyuan_0114.jpg
n/1_0_jiayuanyuan_0116.jpg
n/1_0_jiayuanyuan_0051.jpg
n/1_0_jiayuanyuan_0052.jpg
n/1_0_jiayuanyuan_0047.jpg
n/1_0_jiayuanyuan_0050.jpg
n/1_0_jiayuanyuan_0046.jpg
n/1_0_huxia_0060.jpg
n/1_0_jiayuanyuan_0044.jpg
n/1_0_hanxue_0222.jpg
n/1_0_hanxue_0224.jpg
n/1_0_hanxue_0221.jpg
n/1_0_hanxue_0130.jpg
n/1_0_hanxue_0129.jpg
n/1_0_hanxue_0128.jpg
n/1_0_hanxue_0123.jpg
n/1_0_hanxue_0124.jpg
n/1_0_hanxue_0036.jpg
n/1_0_hanxue_0120.jpg
n/1_0_hanxue_0034.jpg
n/1_0_hanxue_0035.jpg
n/1_0_hanxue_0031.jpg
n/1_0_hanxue_0033.jpg
n/1_0_hanxue_0030.jpg
n/1_0_hanxue_0028.jpg
n/1_0_haiqing_0005.jpg
n/1_0_hanxue_0027.jpg
n/1_0_gulinazha_0059.jpg
n/1_0_haiqing_0004.jpg
n/1_0_gulinazha_0053.jpg
n/1_0_gulinazha_0057.jpg
n/1_0_gulinazha_0052.jpg
n/1_0_fengjianyu_0128.jpg
n/1_0_fengjianyu_0129.jpg
n/1_0_fengjianyu_0045.jpg
n/1_0_fengjianyu_0046.jpg
n/1_0_fanyichen_0033.jpg
n/1_0_fanyichen_0034.jpg
n/1_0_fanyichen_0032.jpg
n/1_0_fanyichen_0031.jpg
n/1_0_fanyichen_0028.jpg
n/1_0_fanyichen_0026.jpg
n/1_0_fanyichen_0027.jpg
n/1_0_fanyichen_0025.jpg
n/1_0_fanwei_0008.jpg
n/1_0_fanwei_0009.jpg
n/1_0_fanwei_0006.jpg
n/1_0_fanwei_0007.jpg
n/1_0_fanwei_0005.jpg
n/1_0_fanshiqi_0114.jpg
n/1_0_fanshiqi_0097.jpg
n/1_0_fanshiqi_0106.jpg
n/1_0_fanshiqi_0086.jpg
n/1_0_chenyao_0108.jpg
n/1_0_fanshiqi_0078.jpg
n/1_0_chenyao_0107.jpg
n/1_0_chenyao_0103.jpg
n/1_0_chenyao_0101.jpg
n/1_0_chenyao_0102.jpg
n/1_0_chenyao_0021.jpg
n/1_0_chenyao_0020.jpg
n/1_0_chenyao_0019.jpg
n/1_0_chenyao_0018.jpg
n/1_0_chenyao_0015.jpg
n/1_0_chenyao_0012.jpg
n/1_0_chenyao_0014.jpg
n/1_0_chenyao_0011.jpg
n/1_0_chenxiang_0037.jpg
n/1_0_chenxiang_0032.jpg
n/1_0_chenxiang_0027.jpg
n/1_0_chenglong_0043.jpg
n/1_0_chenglong_0040.jpg
n/1_0_caiyilin_0169.jpg
n/1_0_changshilei_0002.jpg
n/1_0_caiyilin_0168.jpg
n/1_0_caiyilin_0167.jpg
n/1_0_caiyilin_0148.jpg
n/1_0_caiyilin_0149.jpg
n/1_0_caiyilin_0141.jpg
n/1_0_caiyilin_0140.jpg
n/1_0_caiyilin_0111.jpg
n/1_0_caiyilin_0106.jpg
n/1_0_caiyilin_0098.jpg
n/1_0_caiyilin_0088.jpg
n/1_0_caiyilin_0089.jpg
n/1_0_caiyilin_0087.jpg
n/1_0_caiyilin_0045.jpg
n/1_0_caiyilin_0043.jpg
n/1_0_caiyilin_0039.jpg
n/1_0_caiguoqing_0009.jpg
n/1_0_caiyilin_0038.jpg
n/1_0_caiguoqing_0003.jpg
n/1_0_benxi_0186.jpg
n/1_0_benxi_0193.jpg
n/1_0_benxi_0108.jpg
n/1_0_benxi_0107.jpg
n/1_0_benxi_0102.jpg
n/1_0_benxi_0103.jpg
n/1_0_baibaihe_0063.jpg
n/1_0_baibaihe_0060.jpg
n/1_0_baibaihe_0056.jpg
n/1_0_baibaihe_0057.jpg
n/1_0_baibaihe_0055.jpg
n/1_0_baibaihe_0035.jpg
n/1_0_baibaihe_0034.jpg
n/1_0_baibaihe_0033.jpg
n/1_0_baibaihe_0030.jpg
n/1_0_baibaihe_0028.jpg
n/1_0_baibaihe_0029.jpg
n/1_0_baibaihe_0005.jpg
n/1_0_baibaihe_0004.jpg
n/1_0_baibaihe_0003.jpg
n/1_0_anhu_0239.jpg
n/1_0_anhu_0240.jpg
n/1_0_anhu_0238.jpg
n/1_0_anhu_0237.jpg
n/1_0_anhu_0234.jpg
n/1_0_anhu_0236.jpg
n/1_0_anhu_0232.jpg
n/1_0_anhu_0233.jpg
n/1_0_anhu_0231.jpg
n/1_0_anhu_0230.jpg
n/1_0_anhu_0229.jpg
n/1_0_anhu_0228.jpg
n/1_0_anhu_0227.jpg
n/1_0_anhu_0223.jpg
n/1_0_anhu_0226.jpg
n/1_0_anhu_0222.jpg
n/1_0_anhu_0220.jpg
n/1_0_anhu_0219.jpg
n/1_0_anhu_0218.jpg
n/1_0_anhu_0217.jpg
n/1_0_anhu_0215.jpg
n/1_0_anhu_0213.jpg
n/1_0_anhu_0208.jpg
n/1_0_anhu_0212.jpg
n/1_0_anhu_0206.jpg
n/1_0_anhu_0207.jpg
n/1_0_anhu_0204.jpg
n/1_0_anhu_0203.jpg
n/1_0_anhu_0200.jpg
n/1_0_anhu_0202.jpg
n/1_0_anhu_0199.jpg
n/1_0_anhu_0198.jpg
n/1_0_anhu_0197.jpg
n/1_0_anhu_0196.jpg
n/1_0_anhu_0195.jpg
n/1_0_anhu_0193.jpg
n/1_0_anhu_0194.jpg
n/1_0_anhu_0192.jpg
n/1_0_anhu_0191.jpg
n/1_0_anhu_0188.jpg
n/1_0_anhu_0190.jpg
n/1_0_anhu_0187.jpg
n/1_0_anhu_0186.jpg
n/1_0_anhu_0184.jpg
n/1_0_anhu_0185.jpg
n/1_0_anhu_0183.jpg
n/1_0_anhu_0182.jpg
n/1_0_anhu_0180.jpg
n/1_0_anhu_0179.jpg
n/1_0_anhu_0178.jpg
n/1_0_anhu_0176.jpg
n/1_0_anhu_0177.jpg
n/1_0_anhu_0175.jpg
n/1_0_anhu_0174.jpg
n/1_0_anhu_0173.jpg
n/1_0_anhu_0171.jpg
n/1_0_anhu_0172.jpg
n/1_0_anhu_0170.jpg
n/1_0_anhu_0169.jpg
n/1_0_anhu_0168.jpg
n/1_0_anhu_0166.jpg
n/1_0_anhu_0167.jpg
n/1_0_anhu_0165.jpg
n/1_0_anhu_0164.jpg
n/1_0_anhu_0161.jpg
n/1_0_anhu_0162.jpg
n/1_0_anhu_0160.jpg
n/1_0_anhu_0156.jpg
n/1_0_anhu_0159.jpg
n/1_0_anhu_0154.jpg
n/1_0_anhu_0153.jpg
n/1_0_anhu_0152.jpg
n/1_0_anhu_0151.jpg
n/1_0_anhu_0149.jpg
n/1_0_anhu_0150.jpg
n/1_0_anhu_0148.jpg
n/1_0_anhu_0147.jpg
n/1_0_anhu_0146.jpg
n/1_0_anhu_0145.jpg
n/1_0_anhu_0144.jpg
n/1_0_anhu_0142.jpg
n/1_0_anhu_0143.jpg
n/1_0_anhu_0141.jpg
n/1_0_anhu_0140.jpg
n/1_0_anhu_0139.jpg
n/1_0_anhu_0138.jpg
n/1_0_anhu_0137.jpg
n/1_0_anhu_0136.jpg
n/1_0_anhu_0135.jpg
n/1_0_anhu_0134.jpg
n/1_0_anhu_0133.jpg
n/1_0_anhu_0132.jpg
n/1_0_anhu_0131.jpg
n/1_0_anhu_0130.jpg
n/1_0_anhu_0128.jpg
n/1_0_anhu_0129.jpg
n/1_0_anhu_0127.jpg
n/1_0_anhu_0126.jpg
n/1_0_anhu_0125.jpg
n/1_0_anhu_0124.jpg
n/1_0_anhu_0123.jpg
n/1_0_anhu_0122.jpg
n/1_0_anhu_0121.jpg
n/1_0_anhu_0120.jpg
n/1_0_anhu_0119.jpg
n/1_0_anhu_0118.jpg
n/1_0_anhu_0116.jpg
n/1_0_anhu_0117.jpg
n/1_0_anhu_0115.jpg
n/1_0_anhu_0114.jpg
n/1_0_anhu_0113.jpg
n/1_0_anhu_0111.jpg
n/1_0_anhu_0112.jpg
n/1_0_anhu_0110.jpg
n/1_0_anhu_0109.jpg
n/1_0_anhu_0108.jpg
n/1_0_anhu_0107.jpg
n/1_0_anhu_0105.jpg
n/1_0_anhu_0106.jpg
n/1_0_anhu_0104.jpg
n/1_0_anhu_0102.jpg
n/1_0_anhu_0101.jpg
n/1_0_anhu_0100.jpg
n/1_0_anhu_0099.jpg
n/1_0_anhu_0097.jpg
n/1_0_anhu_0095.jpg
n/1_0_anhu_0096.jpg
n/1_0_anhu_0092.jpg
n/1_0_anhu_0093.jpg
n/1_0_anhu_0094.jpg
n/1_0_anhu_0090.jpg
n/1_0_anhu_0091.jpg
n/1_0_anhu_0089.jpg
n/1_0_anhu_0087.jpg
n/1_0_anhu_0088.jpg
n/1_0_anhu_0084.jpg
n/1_0_anhu_0085.jpg
n/1_0_anhu_0086.jpg
n/1_0_anhu_0082.jpg
n/1_0_anhu_0083.jpg
n/1_0_anhu_0080.jpg
n/1_0_anhu_0081.jpg
n/1_0_anhu_0078.jpg
n/1_0_anhu_0079.jpg
n/1_0_anhu_0076.jpg
n/1_0_anhu_0077.jpg
n/1_0_anhu_0074.jpg
n/1_0_anhu_0075.jpg
n/1_0_anhu_0072.jpg
n/1_0_anhu_0073.jpg
n/1_0_anhu_0071.jpg
n/1_0_anhu_0070.jpg
n/1_0_anhu_0069.jpg
n/1_0_anhu_0067.jpg
n/1_0_anhu_0068.jpg
n/1_0_anhu_0065.jpg
n/1_0_anhu_0066.jpg
n/1_0_anhu_0064.jpg
n/1_0_anhu_0060.jpg
n/1_0_anhu_0061.jpg
n/1_0_anhu_0058.jpg
n/1_0_anhu_0059.jpg
n/1_0_anhu_0054.jpg
n/1_0_anhu_0055.jpg
n/1_0_anhu_0053.jpg
n/1_0_anhu_0051.jpg
n/1_0_anhu_0052.jpg
n/1_0_anhu_0049.jpg
n/1_0_anhu_0050.jpg
n/1_0_anhu_0047.jpg
n/1_0_anhu_0048.jpg
n/1_0_anhu_0046.jpg
n/1_0_anhu_0044.jpg
n/1_0_anhu_0045.jpg
n/1_0_anhu_0043.jpg
n/1_0_anhu_0041.jpg
n/1_0_anhu_0042.jpg
n/1_0_anhu_0040.jpg
n/1_0_anhu_0039.jpg
n/1_0_anhu_0037.jpg
n/1_0_anhu_0038.jpg
n/1_0_anhu_0036.jpg
n/1_0_anhu_0034.jpg
n/1_0_anhu_0035.jpg
n/1_0_anhu_0032.jpg
n/1_0_anhu_0033.jpg
n/1_0_anhu_0030.jpg
n/1_0_anhu_0031.jpg
n/1_0_anhu_0028.jpg
n/1_0_anhu_0029.jpg
n/1_0_anhu_0024.jpg
n/1_0_anhu_0026.jpg
n/1_0_anhu_0023.jpg
n/1_0_anhu_0021.jpg
n/1_0_anhu_0022.jpg
n/1_0_anhu_0018.jpg
n/1_0_anhu_0019.jpg
n/1_0_anhu_0017.jpg
n/1_0_anhu_0015.jpg
n/1_0_anhu_0016.jpg
n/1_0_anhu_0014.jpg
n/1_0_anhu_0012.jpg
n/1_0_anhu_0013.jpg
n/1_0_anhu_0010.jpg
n/1_0_anhu_0011.jpg
n/1_0_anhu_0009.jpg
n/1_0_anhu_0008.jpg
n/1_0_anhu_0006.jpg
n/1_0_anhu_0007.jpg
n/1_0_anhu_0003.jpg
n/1_0_anhu_0005.jpg
n/1_0_anhu_0001.jpg
n/1_0_anhu_0002.jpg
n/1_0_aidai_0183.jpg
n/1_0_aidai_0181.jpg
n/1_0_aidai_0182.jpg
n/1_0_aidai_0180.jpg
n/1_0_aidai_0178.jpg
n/1_0_aidai_0179.jpg
n/1_0_aidai_0176.jpg
n/1_0_aidai_0177.jpg
n/1_0_aidai_0175.jpg
n/1_0_aidai_0173.jpg
n/1_0_aidai_0174.jpg
n/1_0_aidai_0162.jpg
n/1_0_aidai_0163.jpg
n/1_0_aidai_0161.jpg
n/1_0_aidai_0152.jpg
n/1_0_aidai_0150.jpg
n/1_0_aidai_0151.jpg
n/1_0_aidai_0149.jpg
n/1_0_aidai_0140.jpg
n/1_0_aidai_0139.jpg
n/1_0_aidai_0138.jpg
n/1_0_aidai_0137.jpg
n/1_0_aidai_0134.jpg
n/1_0_aidai_0135.jpg
n/1_0_aidai_0133.jpg
n/1_0_aidai_0132.jpg
n/1_0_aidai_0130.jpg
n/1_0_aidai_0131.jpg
n/1_0_aidai_0129.jpg
n/1_0_aidai_0127.jpg
n/1_0_aidai_0128.jpg
n/1_0_aidai_0126.jpg
n/1_0_aidai_0124.jpg
n/1_0_aidai_0125.jpg
n/1_0_aidai_0123.jpg
n/1_0_aidai_0121.jpg
n/1_0_aidai_0122.jpg
n/1_0_aidai_0119.jpg
n/1_0_aidai_0120.jpg
n/1_0_aidai_0118.jpg
n/1_0_aidai_0117.jpg
n/1_0_aidai_0116.jpg
n/1_0_aidai_0115.jpg
n/1_0_aidai_0113.jpg
n/1_0_aidai_0114.jpg
n/1_0_aidai_0112.jpg
n/1_0_aidai_0110.jpg
n/1_0_aidai_0111.jpg
n/1_0_aidai_0108.jpg
n/1_0_aidai_0109.jpg
n/1_0_aidai_0107.jpg
n/1_0_aidai_0105.jpg
n/1_0_aidai_0106.jpg
n/1_0_aidai_0100.jpg
n/1_0_aidai_0104.jpg
n/1_0_aidai_0099.jpg
n/1_0_aidai_0097.jpg
n/1_0_aidai_0098.jpg
n/1_0_aidai_0096.jpg
n/1_0_aidai_0094.jpg
n/1_0_aidai_0095.jpg
n/1_0_aidai_0089.jpg
n/1_0_aidai_0093.jpg
n/1_0_aidai_0088.jpg
n/1_0_aidai_0086.jpg
n/1_0_aidai_0087.jpg
n/1_0_aidai_0082.jpg
n/1_0_aidai_0083.jpg
n/1_0_aidai_0081.jpg
n/1_0_aidai_0079.jpg
n/1_0_aidai_0075.jpg
n/1_0_aidai_0073.jpg
n/1_0_aidai_0071.jpg
n/1_0_aidai_0072.jpg
n/1_0_aidai_0070.jpg
n/1_0_aidai_0068.jpg
n/1_0_aidai_0069.jpg
n/1_0_aidai_0067.jpg
n/1_0_aidai_0066.jpg
n/1_0_aidai_0065.jpg
n/1_0_aidai_0063.jpg
n/1_0_aidai_0064.jpg
n/1_0_aidai_0062.jpg
n/1_0_aidai_0061.jpg
n/1_0_aidai_0059.jpg
n/1_0_aidai_0060.jpg
n/1_0_aidai_0057.jpg
n/1_0_aidai_0058.jpg
n/1_0_aidai_0056.jpg
n/1_0_aidai_0055.jpg
n/1_0_aidai_0053.jpg
n/1_0_aidai_0054.jpg
n/1_0_aidai_0051.jpg
n/1_0_aidai_0052.jpg
n/1_0_aidai_0049.jpg
n/1_0_aidai_0050.jpg
n/1_0_aidai_0042.jpg
n/1_0_aidai_0044.jpg
n/1_0_aidai_0040.jpg
n/1_0_aidai_0041.jpg
n/1_0_aidai_0038.jpg
n/1_0_aidai_0039.jpg
n/1_0_aidai_0031.jpg
n/1_0_aidai_0037.jpg
n/1_0_aidai_0028.jpg
n/1_0_aidai_0030.jpg
n/1_0_aidai_0026.jpg
n/1_0_aidai_0027.jpg
n/1_0_aidai_0025.jpg
n/1_0_aidai_0023.jpg
n/1_0_aidai_0024.jpg
n/1_0_aidai_0021.jpg
n/1_0_aidai_0022.jpg
n/1_0_aidai_0018.jpg
n/1_0_aidai_0019.jpg
n/1_0_aidai_0016.jpg
n/1_0_aidai_0017.jpg
n/1_0_aidai_0013.jpg
n/1_0_aidai_0015.jpg
n/1_0_aidai_0012.jpg
n/1_0_aidai_0011.jpg
n/1_0_aidai_0009.jpg
n/1_0_aidai_0010.jpg
n/1_0_aidai_0007.jpg
n/1_0_aidai_0008.jpg
n/1_0_aidai_0005.jpg
n/1_0_aidai_0006.jpg
n/1_0_aidai_0003.jpg
n/1_0_aidai_0004.jpg
n/1_0_aidai_0001.jpg
n/1_0_aidai_0002.jpg
n/197.jpg
n/198.jpg
n/196.jpg
n/195.jpg
n/194.jpg
n/193.jpg
n/192.jpg
n/191.jpg
n/19.jpg
n/188.jpg
n/187.jpg
n/186.jpg
n/184.jpg
n/185.jpg
n/183.jpg
n/181.jpg
n/180.jpg
n/178.jpg
n/179.jpg
n/18.jpg
n/177.jpg
n/176.jpg
n/173.jpg
n/174.jpg
n/175.jpg
n/172.jpg
n/171.jpg
n/170.jpg
n/17.jpg
n/169.jpg
n/168.jpg
n/166.jpg
n/164.jpg
n/162.jpg
n/163.jpg
n/161.jpg
n/16.jpg
n/160.jpg
n/158.jpg
n/159.jpg
n/157.jpg
n/156.jpg
n/155.jpg
n/153.jpg
n/154.jpg
n/152.jpg
n/15.jpg
n/151.jpg
n/149.jpg
n/148.jpg
n/146.jpg
n/145.jpg
n/142.jpg
n/143.jpg
n/141.jpg
n/140.jpg
n/139.jpg
n/14.jpg
n/138.jpg
n/136.jpg
n/137.jpg
n/135.jpg
n/134.jpg
n/133.jpg
n/132.jpg
n/131.jpg
n/130.jpg
n/13.jpg
n/129.jpg
n/128.jpg
n/127.jpg
n/125.jpg
n/124.jpg
n/123.jpg
n/122.jpg
n/120.jpg
n/12.jpg
n/119.jpg
n/118.jpg
n/117.jpg
n/116.jpg
n/115.jpg
n/114.jpg
n/112.jpg
n/111.jpg
n/110.jpg
n/109.jpg
n/11.jpg
n/108.jpg
n/107.jpg
n/106.jpg
n/104.jpg
n/105.jpg
n/102.jpg
n/101.jpg
n/100.jpg
n/10.jpg
n/1.jpg
n/0_0_zhouyumin_0038.jpg
n/0_0_zhouyumin_0032.jpg
n/0_0_zhouyumin_0017.jpg
n/0_0_zhouyumin_0007.jpg
n/0_0_zhouyumin_0004.jpg
n/0_0_zhouyumin_0002.jpg
n/0_0_zhouxiuna_0056.jpg
n/0_0_zhouxiuna_0057.jpg
n/0_0_zhouxiuna_0014.jpg
n/0_0_zhouxiuna_0023.jpg
n/0_0_zhourunfa_0031.jpg
n/0_0_zhourunfa_0038.jpg
n/0_0_zhourunfa_0002.jpg
n/0_0_zhoujie_0075.jpg
n/0_0_zhourunfa_0001.jpg
n/0_0_zhoujie_0051.jpg
n/0_0_zhoujie_0070.jpg
n/0_0_zhaoyazhi_0063.jpg
n/0_0_zhoujie_0039.jpg
n/0_0_zhaoyazhi_0041.jpg
n/0_0_zhaoyazhi_0061.jpg
n/0_0_zhangziyi_0202.jpg
n/0_0_zhaoyazhi_0040.jpg
n/0_0_zhangziyi_0200.jpg
n/0_0_zhangziyi_0148.jpg
n/0_0_zhangziyi_0159.jpg
n/0_0_zhangziyi_0117.jpg
n/0_0_zhangziyi_0129.jpg
n/0_0_zhangziyi_0101.jpg
n/0_0_zhangziyi_0032.jpg
n/0_0_zhangziyi_0037.jpg
n/0_0_zhangziyi_0027.jpg
n/0_0_zhangzhenyue_0065.jpg
n/0_0_zhangzhenyue_0042.jpg
n/0_0_zhangzhenyue_0056.jpg
n/0_0_zhangzhenyue_0032.jpg
n/0_0_zhangzhenyue_0009.jpg
n/0_0_zhangzhenyue_0019.jpg
n/0_0_zhangshaohan_0061.jpg
n/0_0_zhangshaohan_0068.jpg
n/0_0_zhangshaohan_0029.jpg
n/0_0_zhangshaohan_0008.jpg
n/0_0_zhangshaohan_0011.jpg
n/0_0_zhangrui_0126.jpg
n/0_0_zhangrui_0131.jpg
n/0_0_zhangrui_0107.jpg
n/0_0_zhangrui_0110.jpg
n/0_0_zhangrui_0021.jpg
n/0_0_zhangrui_0035.jpg
n/0_0_zhangluyi_0087.jpg
n/0_0_zhangrui_0004.jpg
n/0_0_zhangluyi_0069.jpg
n/0_0_zhangluyi_0082.jpg
n/0_0_zhangbo_0072.jpg
n/0_0_zhangluyi_0051.jpg
n/0_0_zhangbo_0067.jpg
n/0_0_zhangbo_0043.jpg
n/0_0_zhangbo_0064.jpg
n/0_0_zhangbo_0031.jpg
n/0_0_zhangbo_0038.jpg
n/0_0_yuanshanshan_0028.jpg
n/0_0_yuanshanshan_0023.jpg
n/0_0_yuanshanshan_0006.jpg
n/0_0_yuanshanshan_0022.jpg
n/0_0_yuanshanshan_0001.jpg
n/0_0_yuanshanshan_0005.jpg
n/0_0_yingzi_0044.jpg
n/0_0_yingzi_0047.jpg
n/0_0_yingzi_0030.jpg
n/0_0_yingzi_0041.jpg
n/0_0_yingzi_0010.jpg
n/0_0_yingzi_0015.jpg
n/0_0_yaochen_0037.jpg
n/0_0_yaochen_0079.jpg
n/0_0_yaochen_0001.jpg
n/0_0_yaochen_0006.jpg
n/0_0_yangmi_0232.jpg
n/0_0_yangmi_0233.jpg
n/0_0_yangmi_0215.jpg
n/0_0_yangmi_0038.jpg
n/0_0_yangmi_0203.jpg
n/0_0_yangmi_0033.jpg
n/0_0_yangmi_0034.jpg
n/0_0_yangmi_0016.jpg
n/0_0_yangmi_0018.jpg
n/0_0_xuhao_0017.jpg
n/0_0_yangmi_0008.jpg
n/0_0_xuhao_0003.jpg
n/0_0_xuhao_0015.jpg
n/0_0_xuhao_0002.jpg
n/0_0_xinzi_0244.jpg
n/0_0_xinzi_0265.jpg
n/0_0_xinzi_0240.jpg
n/0_0_xiaozhan_0046.jpg
n/0_0_xiaozhan_0035.jpg
n/0_0_xiaozhan_0045.jpg
n/0_0_xiaozhan_0002.jpg
n/0_0_xiaozhan_0003.jpg
n/0_0_wukequn_0066.jpg
n/0_0_xiaozhan_0001.jpg
n/0_0_wukequn_0027.jpg
n/0_0_wukequn_0060.jpg
n/0_0_wukequn_0013.jpg
n/0_0_wukequn_0019.jpg
n/0_0_wukequn_0009.jpg
n/0_0_wangruoyi_0109.jpg
n/0_0_wangruoyi_0114.jpg
n/0_0_wangruoyi_0107.jpg
n/0_0_wangruoyi_0017.jpg
n/0_0_wangruoyi_0018.jpg
n/0_0_wangruoyi_0001.jpg
n/0_0_wangruoyi_0010.jpg
n/0_0_wangjunkai_0025.jpg
n/0_0_wangjunkai_0001.jpg
n/0_0_wangjunkai_0009.jpg
n/0_0_wanghan_0031.jpg
n/0_0_wanghan_0027.jpg
n/0_0_wanghan_0028.jpg
n/0_0_wanghan_0026.jpg
n/0_0_wangdongcheng_0105.jpg
n/0_0_wangdongcheng_0110.jpg
n/0_0_wangdongcheng_0101.jpg
n/0_0_wangdongcheng_0070.jpg
n/0_0_wangdongcheng_0089.jpg
n/0_0_wangdongcheng_0068.jpg
n/0_0_tianliang_0042.jpg
n/0_0_tianliang_0033.jpg
n/0_0_tianliang_0040.jpg
n/0_0_tianliang_0019.jpg
n/0_0_tianliang_0012.jpg
n/0_0_tianliang_0017.jpg
n/0_0_tanjing_0091.jpg
n/0_0_tanjing_0088.jpg
n/0_0_tanjing_0044.jpg
n/0_0_tanjing_0087.jpg
n/0_0_tanjing_0043.jpg
n/0_0_tanjing_0031.jpg
n/0_0_sunyizhou_0124.jpg
n/0_0_sunyizhou_0125.jpg
n/0_0_sunyizhou_0112.jpg
n/0_0_sunyizhou_0069.jpg
n/0_0_sunyizhou_0059.jpg
n/0_0_sunli_0232.jpg
n/0_0_sunyizhou_0048.jpg
n/0_0_sunli_0120.jpg
n/0_0_sunli_0211.jpg
n/0_0_sunli_0104.jpg
n/0_0_sunli_0107.jpg
n/0_0_sunhonglei_0125.jpg
n/0_0_sunhonglei_0127.jpg
n/0_0_sunhonglei_0114.jpg
n/0_0_sunhonglei_0075.jpg
n/0_0_sunhonglei_0079.jpg
n/0_0_songzuer_0154.jpg
n/0_0_sunhonglei_0064.jpg
n/0_0_songzuer_0086.jpg
n/0_0_songzuer_0139.jpg
n/0_0_songzuer_0084.jpg
n/0_0_songzuer_0068.jpg
n/0_0_songzuer_0079.jpg
n/0_0_songzuer_0064.jpg
n/0_0_songzuer_0031.jpg
n/0_0_songzuer_0032.jpg
n/0_0_songzuer_0007.jpg
n/0_0_songzuer_0008.jpg
n/0_0_shenmengchen_0090.jpg
n/0_0_shenmengchen_0099.jpg
n/0_0_shenmengchen_0089.jpg
n/0_0_shenmengchen_0069.jpg
n/0_0_shenmengchen_0076.jpg
n/0_0_shaofeng_0023.jpg
n/0_0_shenmengchen_0064.jpg
n/0_0_raowei_0042.jpg
n/0_0_shaofeng_0014.jpg
n/0_0_raowei_0014.jpg
n/0_0_raowei_0024.jpg
n/0_0_qiwei_0261.jpg
n/0_0_raowei_0012.jpg
n/0_0_qiwei_0256.jpg
n/0_0_qiwei_0260.jpg
n/0_0_qiwei_0235.jpg
n/0_0_qiwei_0179.jpg
n/0_0_qiwei_0231.jpg
n/0_0_qiwei_0150.jpg
n/0_0_qiwei_0175.jpg
n/0_0_qiwei_0118.jpg
n/0_0_qiwei_0122.jpg
n/0_0_qiwei_0080.jpg
n/0_0_qiwei_0081.jpg
n/0_0_qiuze_0129.jpg
n/0_0_qiuze_0141.jpg
n/0_0_qiuze_0107.jpg
n/0_0_qiuze_0122.jpg
n/0_0_qiuze_0095.jpg
n/0_0_qiuze_0096.jpg
n/0_0_qiqi_0040.jpg
n/0_0_qiqi_0119.jpg
n/0_0_pubajia_0195.jpg
n/0_0_pubajia_0197.jpg
n/0_0_pubajia_0159.jpg
n/0_0_pubajia_0112.jpg
n/0_0_pubajia_0123.jpg
n/0_0_pubajia_0049.jpg
n/0_0_pubajia_0083.jpg
n/0_0_pubajia_0012.jpg
n/0_0_pubajia_0042.jpg
n/0_0_pengyuyan_0083.jpg
n/0_0_pubajia_0002.jpg
n/0_0_pengyuyan_0064.jpg
n/0_0_pengyuyan_0076.jpg
n/0_0_ouhao_0049.jpg
n/0_0_pengyuyan_0063.jpg
n/0_0_ouhao_0019.jpg
n/0_0_ouhao_0039.jpg
n/0_0_ouhao_0017.jpg
n/0_0_nieyuan_0170.jpg
n/0_0_nieyuan_0186.jpg
n/0_0_nieyuan_0102.jpg
n/0_0_nieyuan_0106.jpg
n/0_0_masu_0115.jpg
n/0_0_masu_0122.jpg
n/0_0_masu_0084.jpg
n/0_0_masu_0090.jpg
n/0_0_masu_0075.jpg
n/0_0_masu_0081.jpg
n/0_0_masu_0067.jpg
n/0_0_masu_0005.jpg
n/0_0_masu_0032.jpg
n/0_0_maoxiaotong_0178.jpg
n/0_0_maoxiaotong_0164.jpg
n/0_0_maoxiaotong_0167.jpg
n/0_0_maoxiaotong_0177.jpg
n/0_0_maoxiaotong_0063.jpg
n/0_0_maoxiaotong_0064.jpg
n/0_0_maoxiaotong_0061.jpg
n/0_0_maoxiaotong_0058.jpg
n/0_0_maoxiaotong_0060.jpg
n/0_0_maoxiaotong_0052.jpg
n/0_0_maoxiaotong_0055.jpg
n/0_0_maoxiaotong_0051.jpg
n/0_0_maolinlin_0093.jpg
n/0_0_maolinlin_0094.jpg
n/0_0_maolinlin_0092.jpg
n/0_0_maolinlin_0083.jpg
n/0_0_maolinlin_0085.jpg
n/0_0_maolinlin_0082.jpg
n/0_0_maolinlin_0073.jpg
n/0_0_maolinlin_0076.jpg
n/0_0_maolinlin_0040.jpg
n/0_0_maolinlin_0070.jpg
n/0_0_maolinlin_0005.jpg
n/0_0_maolinlin_0034.jpg
n/0_0_maguoming_0074.jpg
n/0_0_maolinlin_0003.jpg
n/0_0_maguoming_0046.jpg
n/0_0_maguoming_0072.jpg
n/0_0_lvyi_0085.jpg
n/0_0_maguoming_0041.jpg
n/0_0_lvyi_0082.jpg
n/0_0_lvyi_0063.jpg
n/0_0_lvyi_0076.jpg
n/0_0_lvyi_0040.jpg
n/0_0_lvyi_0048.jpg
n/0_0_luozhixiang_0051.jpg
n/0_0_luozhixiang_0032.jpg
n/0_0_luozhixiang_0049.jpg
n/0_0_luojin_0191.jpg
n/0_0_luozhixiang_0022.jpg
n/0_0_luojin_0173.jpg
n/0_0_luojin_0110.jpg
n/0_0_luojin_0126.jpg
n/0_0_luojin_0014.jpg
n/0_0_luojin_0028.jpg
n/0_0_lizi_0104.jpg
n/0_0_lizi_0085.jpg
n/0_0_lizi_0103.jpg
n/0_0_lizi_0071.jpg
n/0_0_lizi_0072.jpg
n/0_0_lizi_0006.jpg
n/0_0_lizi_0054.jpg
n/0_0_liyifeng_0068.jpg
n/0_0_liyifeng_0053.jpg
n/0_0_liyifeng_0060.jpg
n/0_0_liyapeng_0154.jpg
n/0_0_liyifeng_0051.jpg
n/0_0_liyapeng_0144.jpg
n/0_0_liyapeng_0126.jpg
n/0_0_liyapeng_0028.jpg
n/0_0_liyapeng_0029.jpg
n/0_0_lixirui_0194.jpg
n/0_0_liyapeng_0020.jpg
n/0_0_lixirui_0152.jpg
n/0_0_lixirui_0186.jpg
n/0_0_lixirui_0071.jpg
n/0_0_lixirui_0090.jpg
n/0_0_lixirui_0062.jpg
n/0_0_lixirui_0063.jpg
n/0_0_lixingliang_0037.jpg
n/0_0_lixirui_0061.jpg
n/0_0_lixingliang_0013.jpg
n/0_0_lixingliang_0033.jpg
n/0_0_lixingliang_0011.jpg
n/0_0_liushishi_0309.jpg
n/0_0_liushishi_0314.jpg
n/0_0_liushishi_0072.jpg
n/0_0_liushishi_0085.jpg
n/0_0_liushishi_0050.jpg
n/0_0_liushishi_0063.jpg
n/0_0_liushishi_0039.jpg
n/0_0_liushishi_0041.jpg
n/0_0_liuruilin_0084.jpg
n/0_0_liuruilin_0101.jpg
n/0_0_liuruilin_0042.jpg
n/0_0_liuruilin_0066.jpg
n/0_0_liuruilin_0002.jpg
n/0_0_liuqianhan_0215.jpg
n/0_0_liuqianhan_0150.jpg
n/0_0_liuqianhan_0208.jpg
n/0_0_liuqianhan_0071.jpg
n/0_0_liuqianhan_0143.jpg
n/0_0_liuqianhan_0064.jpg
n/0_0_liuqianhan_0067.jpg
n/0_0_liuqianhan_0057.jpg
n/0_0_liuqianhan_0060.jpg
n/0_0_liuqianhan_0042.jpg
n/0_0_liuqianhan_0051.jpg
n/0_0_liudehua_0161.jpg
n/0_0_liuqianhan_0028.jpg
n/0_0_liudehua_0124.jpg
n/0_0_liudehua_0042.jpg
n/0_0_liudehua_0074.jpg
n/0_0_liudehua_0031.jpg
n/0_0_linyilun_0073.jpg
n/0_0_liudehua_0004.jpg
n/0_0_linyilun_0062.jpg
n/0_0_linyilun_0041.jpg
n/0_0_linyilun_0046.jpg
n/0_0_linyilian_0157.jpg
n/0_0_linyilun_0040.jpg
n/0_0_linyilian_0092.jpg
n/0_0_likeqin_0146.jpg
n/0_0_linyilian_0020.jpg
n/0_0_likeqin_0106.jpg
n/0_0_likeqin_0062.jpg
n/0_0_lijinming_0072.jpg
n/0_0_likeqin_0045.jpg
n/0_0_lijinming_0048.jpg
n/0_0_lijinming_0070.jpg
n/0_0_lijian_0054.jpg
n/0_0_lijinming_0045.jpg
n/0_0_lijian_0012.jpg
n/0_0_lijian_0035.jpg
n/0_0_licaihua_0066.jpg
n/0_0_lijian_0006.jpg
n/0_0_licaihua_0036.jpg
n/0_0_licaihua_0058.jpg
n/0_0_licaihua_0004.jpg
n/0_0_licaihua_0031.jpg
n/0_0_lanxi_0080.jpg
n/0_0_licaihua_0002.jpg
n/0_0_lanxi_0037.jpg
n/0_0_lanxi_0072.jpg
n/0_0_jinggangshan_0083.jpg
n/0_0_lanxi_0036.jpg
n/0_0_jinggangshan_0019.jpg
n/0_0_jinggangshan_0070.jpg
n/0_0_jingbairan_0019.jpg
n/0_0_jinggangshan_0011.jpg
n/0_0_jingbairan_0014.jpg
n/0_0_jingbairan_0018.jpg
n/0_0_jingbairan_0004.jpg
n/0_0_jingbairan_0007.jpg
n/0_0_jingbairan_0003.jpg
n/0_0_jinchen_0120.jpg
n/0_0_jinchen_0125.jpg
n/0_0_jinchen_0082.jpg
n/0_0_jiayuanyuan_0194.jpg
n/0_0_jinchen_0071.jpg
n/0_0_jiayuanyuan_0179.jpg
n/0_0_jiayuanyuan_0189.jpg
n/0_0_jiayuanyuan_0172.jpg
n/0_0_jiayuanyuan_0175.jpg
n/0_0_jiayuanyuan_0134.jpg
n/0_0_jiayuanyuan_0154.jpg
n/0_0_jiayuanyuan_0059.jpg
n/0_0_jiayuanyuan_0130.jpg
n/0_0_jiayuanyuan_0022.jpg
n/0_0_jiayuanyuan_0042.jpg
n/0_0_jianailiang_0030.jpg
n/0_0_jiayuanyuan_0015.jpg
n/0_0_jianailiang_0015.jpg
n/0_0_jianailiang_0024.jpg
n/0_0_jianailiang_0006.jpg
n/0_0_jianailiang_0007.jpg
n/0_0_jianailiang_0005.jpg
n/0_0_huxia_0097.jpg
n/0_0_huxia_0121.jpg
n/0_0_huge_0045.jpg
n/0_0_huge_0061.jpg
n/0_0_huge_0039.jpg
n/0_0_huge_0019.jpg
n/0_0_huge_0029.jpg
n/0_0_huangtingting_0035.jpg
n/0_0_huge_0018.jpg
n/0_0_huangtingting_0034.jpg
n/0_0_huangtingting_0010.jpg
n/0_0_huangjinglun_0017.jpg
n/0_0_huangtingting_0008.jpg
n/0_0_huangjinglun_0008.jpg
n/0_0_huangjinglun_0010.jpg
n/0_0_hanxue_0096.jpg
n/0_0_huangjinglun_0004.jpg
n/0_0_hanxue_0088.jpg
n/0_0_hanxue_0091.jpg
n/0_0_hanxue_0073.jpg
n/0_0_hanxue_0085.jpg
n/0_0_hanxue_0021.jpg
n/0_0_hanxue_0062.jpg
n/0_0_haiqing_0173.jpg
n/0_0_hanxue_0004.jpg
n/0_0_hanxue_0010.jpg
n/0_0_gulinazha_0172.jpg
n/0_0_haiqing_0170.jpg
n/0_0_gulinazha_0082.jpg
n/0_0_gulinazha_0149.jpg
n/0_0_gulinazha_0060.jpg
n/0_0_gulinazha_0078.jpg
n/0_0_gulinazha_0038.jpg
n/0_0_gulinazha_0058.jpg
n/0_0_guanyue_0083.jpg
n/0_0_gulinazha_0035.jpg
n/0_0_guanyue_0048.jpg
n/0_0_guanyue_0072.jpg
n/0_0_guanyue_0011.jpg
n/0_0_guanyue_0040.jpg
n/0_0_fengjianyu_0072.jpg
n/0_0_guanyue_0010.jpg
n/0_0_fengjianyu_0059.jpg
n/0_0_fengjianyu_0036.jpg
n/0_0_fengjianyu_0042.jpg
n/0_0_fanyichen_0091.jpg
n/0_0_fanyichen_0099.jpg
n/0_0_fanyichen_0078.jpg
n/0_0_fanyichen_0081.jpg
n/0_0_fanyichen_0063.jpg
n/0_0_fanyichen_0068.jpg
n/0_0_fanyichen_0040.jpg
n/0_0_fanyichen_0049.jpg
n/0_0_fanyichen_0053.jpg
n/0_0_fanyichen_0018.jpg
n/0_0_fanyichen_0029.jpg
n/0_0_fanyichen_0011.jpg
n/0_0_fanwei_0012.jpg
n/0_0_fanwei_0017.jpg
n/0_0_fanshiqi_0092.jpg
n/0_0_fanshiqi_0094.jpg
n/0_0_fanshiqi_0012.jpg
n/0_0_fanshiqi_0029.jpg
n/0_0_fanshiqi_0089.jpg
n/0_0_dongchengpeng_0042.jpg
n/0_0_fanshiqi_0002.jpg
n/0_0_dongchengpeng_0020.jpg
n/0_0_dongchengpeng_0021.jpg
n/0_0_dongchengpeng_0016.jpg
n/0_0_dongchengpeng_0018.jpg
n/0_0_dongchengpeng_0004.jpg
n/0_0_dongchengpeng_0005.jpg
n/0_0_chenyao_0074.jpg
n/0_0_dongchengpeng_0001.jpg
n/0_0_chenyao_0065.jpg
n/0_0_chenyao_0073.jpg
n/0_0_chenyao_0063.jpg
n/0_0_chenyao_0051.jpg
n/0_0_chenyao_0053.jpg
n/0_0_chenyao_0043.jpg
n/0_0_chenyao_0044.jpg
n/0_0_chenyao_0033.jpg
n/0_0_chenyao_0038.jpg
n/0_0_chenyao_0024.jpg
n/0_0_chenyao_0027.jpg
n/0_0_chenyao_0016.jpg
n/0_0_chenxuedong_0074.jpg
n/0_0_chenyao_0013.jpg
n/0_0_chenxuedong_0050.jpg
n/0_0_chenxuedong_0070.jpg
n/0_0_chenxiang_0071.jpg
n/0_0_chenxuedong_0049.jpg
n/0_0_chenxiang_0039.jpg
n/0_0_chenxiang_0070.jpg
n/0_0_chenxiang_0006.jpg
n/0_0_chenxiang_0038.jpg
n/0_0_chenhuilin_0114.jpg
n/0_0_chenxiang_0005.jpg
n/0_0_chenhuilin_0099.jpg
n/0_0_chenhuilin_0104.jpg
n/0_0_chenhuilin_0094.jpg
n/0_0_chenhuilin_0096.jpg
n/0_0_chenhuilin_0076.jpg
n/0_0_chenhuilin_0085.jpg
n/0_0_chenhuilin_0023.jpg
n/0_0_chenhuilin_0048.jpg
n/0_0_chenhuilin_0018.jpg
n/0_0_chenhe_0031.jpg
n/0_0_chenhe_0049.jpg
n/0_0_chenhaomin_0120.jpg
n/0_0_chenhe_0007.jpg
n/0_0_chenhaomin_0114.jpg
n/0_0_chenhaomin_0117.jpg
n/0_0_chenglong_0070.jpg
n/0_0_chenhaomin_0023.jpg
n/0_0_chenhaomin_0053.jpg
n/0_0_chenglong_0036.jpg
n/0_0_chenglong_0063.jpg
n/0_0_cengyongti_0091.jpg
n/0_0_changshilei_0182.jpg
n/0_0_cengyongti_0063.jpg
n/0_0_cengyongti_0087.jpg
n/0_0_cengyongti_0058.jpg
n/0_0_cengyongti_0037.jpg
n/0_0_cengyongti_0042.jpg
n/0_0_cengyongti_0003.jpg
n/0_0_cengyongti_0016.jpg
n/0_0_caizhuoyan_0067.jpg
n/0_0_caizhuoyan_0068.jpg
n/0_0_caizhuoyan_0048.jpg
n/0_0_caizhuoyan_0065.jpg
n/0_0_caizhuoyan_0046.jpg
n/0_0_caizhuoyan_0029.jpg
n/0_0_caizhuoyan_0041.jpg
n/0_0_caizhuoyan_0017.jpg
n/0_0_caizhuoyan_0027.jpg
n/0_0_caizhuoyan_0013.jpg
n/0_0_caizhuoyan_0014.jpg
n/0_0_caizhuoyan_0009.jpg
n/0_0_caizhuoyan_0001.jpg
n/0_0_caizhuoyan_0004.jpg
n/0_0_caiyilin_0100.jpg
n/0_0_caiyilin_0101.jpg
n/0_0_caiyilin_0050.jpg
n/0_0_caiyilin_0051.jpg
n/0_0_caiyilin_0024.jpg
n/0_0_caiyilin_0029.jpg
n/0_0_caiguoqing_0130.jpg
n/0_0_caiguoqing_0146.jpg
n/0_0_caiguoqing_0093.jpg
n/0_0_caiguoqing_0113.jpg
n/0_0_caiguoqing_0007.jpg
n/0_0_caiguoqing_0067.jpg
n/0_0_benxi_0129.jpg
n/0_0_benxi_0187.jpg
n/0_0_baobeier_0099.jpg
n/0_0_baobeier_0140.jpg
n/0_0_benxi_0054.jpg
n/0_0_baobeier_0064.jpg
n/0_0_baobeier_0098.jpg
n/0_0_baobeier_0046.jpg
n/0_0_baobeier_0062.jpg
n/0_0_baobeier_0016.jpg
n/0_0_baobeier_0020.jpg
n/0_0_baibaihe_0236.jpg
n/0_0_baobeier_0014.jpg
n/0_0_baibaihe_0204.jpg
n/0_0_baibaihe_0216.jpg
n/0_0_baibaihe_0093.jpg
n/0_0_baibaihe_0085.jpg
n/0_0_anhu_0216.jpg
n/0_0_baibaihe_0077.jpg
n/0_0_anhu_0214.jpg
n/0_0_anhu_0209.jpg
n/0_0_anhu_0211.jpg
n/0_0_anhu_0201.jpg
n/0_0_anhu_0205.jpg
n/0_0_anhu_0157.jpg
n/0_0_anhu_0189.jpg
n/0_0_anhu_0103.jpg
n/0_0_anhu_0155.jpg
n/0_0_anhu_0063.jpg
n/0_0_anhu_0098.jpg
n/0_0_anhu_0062.jpg
n/0_0_anhu_0057.jpg
n/0_0_anhu_0056.jpg
n/0_0_anhu_0025.jpg
n/0_0_anhu_0027.jpg
n/0_0_anhu_0004.jpg
n/0_0_anhu_0020.jpg
n/0_0_aidai_0136.jpg
n/0_0_aidai_0084.jpg
n/0_0_aidai_0074.jpg
n/0_0_aidai_0029.jpg
n/0_0_aidai_0043.jpg
n/0_0_aidai_0014.jpg